samefile -A:
11	./work/test1/file1a	./work/test1/file2a	=	2	3
11	./work/test1/file1a	./work/test1/file3a	=	2	1

samefile -Z:
11	./work/test1/file3a	./work/test1/file2a	=	1	3
11	./work/test1/file3a	./work/test1/file1a	=	1	2

samefile -L:
11	./work/test1/file2a	./work/test1/file1a	=	3	2
11	./work/test1/file2a	./work/test1/file3a	=	3	1

samefile -irA:
11	./work/test1/file1a	./work/test1/file1b	[2]
11	./work/test1/file2a	./work/test1/file2b	[3]
11	./work/test1/file2a	./work/test1/file2c	[3]
11	./work/test1/file1a	./work/test1/file2a	=	2	3
11	./work/test1/file1a	./work/test1/file2b	=	2	3
11	./work/test1/file1a	./work/test1/file2c	=	2	3
11	./work/test1/file1a	./work/test1/file3a	=	2	1

samefile -irZ:
11	./work/test1/file2c	./work/test1/file2b	[3]
11	./work/test1/file2c	./work/test1/file2a	[3]
11	./work/test1/file1b	./work/test1/file1a	[2]
11	./work/test1/file3a	./work/test1/file2c	=	1	3
11	./work/test1/file3a	./work/test1/file2b	=	1	3
11	./work/test1/file3a	./work/test1/file2a	=	1	3
11	./work/test1/file3a	./work/test1/file1b	=	1	2
11	./work/test1/file3a	./work/test1/file1a	=	1	2

samefile -irL:
11	./work/test1/file2a	./work/test1/file2b	[3]
11	./work/test1/file2a	./work/test1/file2c	[3]
11	./work/test1/file1a	./work/test1/file1b	[2]
11	./work/test1/file2a	./work/test1/file1a	=	3	2
11	./work/test1/file2a	./work/test1/file1b	=	3	2
11	./work/test1/file2a	./work/test1/file3a	=	3	1

samefile -irx:
11	./work/test1/file1a	./work/test1/file1b	[2]
11	./work/test1/file2a	./work/test1/file2b	[3]
11	./work/test1/file2a	./work/test1/file2c	[3]
11	./work/test1/file2b	./work/test1/file2c	[3]
11	./work/test1/file1a	./work/test1/file2a	=	2	3
11	./work/test1/file1a	./work/test1/file2b	=	2	3
11	./work/test1/file1a	./work/test1/file2c	=	2	3
11	./work/test1/file1b	./work/test1/file2a	=	2	3
11	./work/test1/file1b	./work/test1/file2b	=	2	3
11	./work/test1/file1b	./work/test1/file2c	=	2	3
11	./work/test1/file1a	./work/test1/file3a	=	2	1
11	./work/test1/file1b	./work/test1/file3a	=	2	1
11	./work/test1/file2a	./work/test1/file3a	=	3	1
11	./work/test1/file2b	./work/test1/file3a	=	3	1
11	./work/test1/file2c	./work/test1/file3a	=	3	1
