samedelay -A:
11	./work/test1/file1a	./work/test1/file2a	=	2	3
11	./work/test1/file1a	./work/test1/file3a	=	2	1

samedelay -Z:
11	./work/test1/file3a	./work/test1/file2a	=	1	3
11	./work/test1/file3a	./work/test1/file1a	=	1	2

samedelay -At:
11	./work/test1/file1a	./work/test1/file3a	=	2	1
11	./work/test1/file1a	./work/test1/file2a	=	2	3

samedelay -Zt:
11	./work/test1/file2a	./work/test1/file3a	=	3	1
11	./work/test1/file2a	./work/test1/file1a	=	3	2

samedelay -L:
11	./work/test1/file2a	./work/test1/file1a	=	3	2
11	./work/test1/file2a	./work/test1/file3a	=	3	1
