11	./work/test1/file1a	./work/test2/file1a	=	2	1
11	./work/test1/file3a	./work/test2/file3a	=	1	1
11	./work/test1/file2a	./work/test2/file2a	=	3	1
11	./work/test1/file2c	./work/test2/file2c	=	3	1
11	./work/test1/file2b	./work/test2/file2b	=	3	1
11	./work/test1/file1b	./work/test2/file1b	=	2	1
